val powerUncurry = fn : int * int -> int

val it = 9 : int

val powerCurry = fn : int -> int -> int

val it = 9 : int
