val it = true : bool

val it = false : bool

val it = true : bool

val it = 1 : int

val it = 10 : int
