val fact = fn : int -> int

val factorial = fn : int -> int

val fib = fn : int -> int

val it = [24, 8, 1, 2, 3] : int list

val it = [1.1, 3.14159265359, 1.41421356237] : real list

val it =
  ["I", "became", "fully", "operational", "on", "April 2, 2012"] : string list

val it = [fn, fn] : (int -> int) list

val it = [#"S", #"M", #"L", #"#"] : char list

val it = "SML#" : string

val it = [#"S", #"M", #"L", #"#"] : char list
